Port 5173 is in use, trying another one...

================================================================================

  (Run Starting)

  ┌────────────────────────────────────────────────────────────────────────────────────────────────┐
  │ Cypress:        13.2.0                                                                         │
  │ Browser:        Electron 114 (headless)                                                        │
  │ Node Version:   v14.21.3 (/usr/bin/node)                                                       │
  │ Specs:          1 found (GetData.cy.jsx)                                                       │
  │ Searched:       **/*.cy.{js,jsx,ts,tsx}                                                        │
  └────────────────────────────────────────────────────────────────────────────────────────────────┘


────────────────────────────────────────────────────────────────────────────────────────────────────
                                                                                                    
  Running:  GetData.cy.jsx                                                                  (1 of 1)


  Get Data />
    1) displays user information after data is fetched


  0 passing (1s)
  1 failing

  1) Get Data />
       displays user information after data is fetched:
     ReferenceError: The following error originated from your application code, not from Cypress. It was caused by an unhandled promise rejection.

  > finallay is not defined

When Cypress detects uncaught errors originating from your application it will automatically fail the current test.

This behavior is configurable, and you can choose to turn this off by listening to the `uncaught:exception` event.

https://on.cypress.io/uncaught-exception-from-application
      at fetchData (http://localhost:5174/__cypress/src/src/GetData.jsx:18:5)



[mochawesome] Report JSON saved to /config/workspace/mochawesome-report/mochawesome.json

[mochawesome] Report HTML saved to /config/workspace/mochawesome-report/mochawesome.html


  (Results)

  ┌────────────────────────────────────────────────────────────────────────────────────────────────┐
  │ Tests:        1                                                                                │
  │ Passing:      0                                                                                │
  │ Failing:      1                                                                                │
  │ Pending:      0                                                                                │
  │ Skipped:      0                                                                                │
  │ Screenshots:  1                                                                                │
  │ Video:        false                                                                            │
  │ Duration:     1 second                                                                         │
  │ Spec Ran:     GetData.cy.jsx                                                                   │
  └────────────────────────────────────────────────────────────────────────────────────────────────┘


  (Screenshots)

  -  /config/workspace/cypress/screenshots/GetData.cy.jsx/Get Data -- displays user i     (1280x720)
     nformation after data is fetched (failed).png                                                  


================================================================================

  (Run Finished)


       Spec                                              Tests  Passing  Failing  Pending  Skipped  
  ┌────────────────────────────────────────────────────────────────────────────────────────────────┐
  │ ✖  GetData.cy.jsx                           00:01        1        -        1        -        - │
  └────────────────────────────────────────────────────────────────────────────────────────────────┘
    ✖  1 of 1 failed (100%)                     00:01        1        -        1        -        -  

